Here are the errors listed below to understand